// Jest Snapshot v1, https://goo.gl/fbAQLP

exports[`New Question Component should render component correctly 1`] = `
Object {
  "asFragment": [Function],
  "baseElement": <body>
    <div>
      <div
        class="container"
      >
        <h3
          class="title"
          data-testid="title"
        >
          New Question
        </h3>
        <div
          class="question"
        >
          Would you rather?
        </div>
        <form
          class="formSubmit"
        >
          <textarea
            class="mb-3 form-control"
            data-testid="firstOpt"
            placeholder="Option 1"
          />
          <textarea
            class="mb-3 form-control"
            data-testid="secondOpt"
            placeholder="Option 2"
          />
          <div
            class="d-grid gap-2"
          >
            <button
              class="btn btn-primary btn-sm"
              type="submit"
            >
              Save
            </button>
            <button
              class="btn btn-secondary btn-sm"
              type="button"
            >
              Cancel
            </button>
          </div>
        </form>
      </div>
    </div>
  </body>,
  "container": <div>
    <div
      class="container"
    >
      <h3
        class="title"
        data-testid="title"
      >
        New Question
      </h3>
      <div
        class="question"
      >
        Would you rather?
      </div>
      <form
        class="formSubmit"
      >
        <textarea
          class="mb-3 form-control"
          data-testid="firstOpt"
          placeholder="Option 1"
        />
        <textarea
          class="mb-3 form-control"
          data-testid="secondOpt"
          placeholder="Option 2"
        />
        <div
          class="d-grid gap-2"
        >
          <button
            class="btn btn-primary btn-sm"
            type="submit"
          >
            Save
          </button>
          <button
            class="btn btn-secondary btn-sm"
            type="button"
          >
            Cancel
          </button>
        </div>
      </form>
    </div>
  </div>,
  "debug": [Function],
  "findAllByAltText": [Function],
  "findAllByDisplayValue": [Function],
  "findAllByLabelText": [Function],
  "findAllByPlaceholderText": [Function],
  "findAllByRole": [Function],
  "findAllByTestId": [Function],
  "findAllByText": [Function],
  "findAllByTitle": [Function],
  "findByAltText": [Function],
  "findByDisplayValue": [Function],
  "findByLabelText": [Function],
  "findByPlaceholderText": [Function],
  "findByRole": [Function],
  "findByTestId": [Function],
  "findByText": [Function],
  "findByTitle": [Function],
  "getAllByAltText": [Function],
  "getAllByDisplayValue": [Function],
  "getAllByLabelText": [Function],
  "getAllByPlaceholderText": [Function],
  "getAllByRole": [Function],
  "getAllByTestId": [Function],
  "getAllByText": [Function],
  "getAllByTitle": [Function],
  "getByAltText": [Function],
  "getByDisplayValue": [Function],
  "getByLabelText": [Function],
  "getByPlaceholderText": [Function],
  "getByRole": [Function],
  "getByTestId": [Function],
  "getByText": [Function],
  "getByTitle": [Function],
  "queryAllByAltText": [Function],
  "queryAllByDisplayValue": [Function],
  "queryAllByLabelText": [Function],
  "queryAllByPlaceholderText": [Function],
  "queryAllByRole": [Function],
  "queryAllByTestId": [Function],
  "queryAllByText": [Function],
  "queryAllByTitle": [Function],
  "queryByAltText": [Function],
  "queryByDisplayValue": [Function],
  "queryByLabelText": [Function],
  "queryByPlaceholderText": [Function],
  "queryByRole": [Function],
  "queryByTestId": [Function],
  "queryByText": [Function],
  "queryByTitle": [Function],
  "rerender": [Function],
  "unmount": [Function],
}
`;
